0000                         org       0
0000                
0000 A0 19                   movi      r0,data
0002 A1 00                   movi      r1,data>>8
0004 00                      movrx     rp0
0005                
0005 F6 0B 00                movj      x0
0008 50                      xor       r0,r0
0009 A2 0A                   movi      r2,10
000B B4             x0:      movmr     r1,ix
000C 11                      add       r0,r1
000D                
000D FD 07                   inc       ix
000F FE 03                   dec       r2
0011 5F                      xor       r3,r3
0012 2E                      sub       r3,r2
0013 7F                      shu       r3,r3
0014 F4                      jmprc
0015                
0015 FF                      nop
0016 FF                      nop
0017 FF                      nop
0018 FF                      nop
0019                
0019 01 02 03 04    data:    db        01,02,03,04,05,06,07,08,09
001D 05 06 07 08
0021 09
0022 0A                      db        10
0023                
0023                
0023                
